Copyright 1986-2022 Xilinx, Inc. All Rights Reserved. Copyright 2022-2023 Advanced Micro Devices, Inc. All Rights Reserved.
---------------------------------------------------------------------------------------------------------------------------------------------
| Tool Version : Vivado v.2023.1 (win64) Build 3865809 Sun May  7 15:05:29 MDT 2023
| Date         : Tue Jan  7 17:15:25 2025
| Host         : nb555 running 64-bit major release  (build 9200)
| Command      : report_control_sets -verbose -file top_control_sets_placed.rpt
| Design       : top
| Device       : xc7a100t
---------------------------------------------------------------------------------------------------------------------------------------------

Control Set Information

Table of Contents
-----------------
1. Summary
2. Histogram
3. Flip-Flop Distribution
4. Detailed Control Set Information

1. Summary
----------

+----------------------------------------------------------+-------+
|                          Status                          | Count |
+----------------------------------------------------------+-------+
| Total control sets                                       |    84 |
|    Minimum number of control sets                        |    84 |
|    Addition due to synthesis replication                 |     0 |
|    Addition due to physical synthesis replication        |     0 |
| Unused register locations in slices containing registers |   335 |
+----------------------------------------------------------+-------+
* Control sets can be merged at opt_design using control_set_merge or merge_equivalent_drivers
** Run report_qor_suggestions for automated merging and remapping suggestions


2. Histogram
------------

+--------------------+-------+
|       Fanout       | Count |
+--------------------+-------+
| Total control sets |    84 |
| >= 0 to < 4        |     0 |
| >= 4 to < 6        |     2 |
| >= 6 to < 8        |     3 |
| >= 8 to < 10       |     1 |
| >= 10 to < 12      |    15 |
| >= 12 to < 14      |    57 |
| >= 14 to < 16      |     1 |
| >= 16              |     5 |
+--------------------+-------+
* Control sets can be remapped at either synth_design or opt_design


3. Flip-Flop Distribution
-------------------------

+--------------+-----------------------+------------------------+-----------------+--------------+
| Clock Enable | Synchronous Set/Reset | Asynchronous Set/Reset | Total Registers | Total Slices |
+--------------+-----------------------+------------------------+-----------------+--------------+
| No           | No                    | No                     |            1567 |          484 |
| No           | No                    | Yes                    |               0 |            0 |
| No           | Yes                   | No                     |            1040 |          480 |
| Yes          | No                    | No                     |              46 |           20 |
| Yes          | No                    | Yes                    |               0 |            0 |
| Yes          | Yes                   | No                     |              92 |           31 |
+--------------+-----------------------+------------------------+-----------------+--------------+


4. Detailed Control Set Information
-----------------------------------

+--------------------------------------+--------------------------------------------+-----------------------------------------------+------------------+----------------+--------------+
|             Clock Signal             |                Enable Signal               |                Set/Reset Signal               | Slice Load Count | Bel Load Count | Bels / Slice |
+--------------------------------------+--------------------------------------------+-----------------------------------------------+------------------+----------------+--------------+
|  clock_generator_inst/inst/video_clk | timeout[1][3]_i_1_n_0                      | video_generator_inst/l80_in                   |                1 |              4 |         4.00 |
|  clock_generator_inst/inst/video_clk | timeout[0][3]_i_1_n_0                      | video_generator_inst/l80_in                   |                2 |              4 |         2.00 |
|  clock_generator_inst/inst/video_clk | video_generator_inst/vcnt                  | video_generator_inst/l80_in                   |                2 |              6 |         3.00 |
|  clock_generator_inst/inst/video_clk | fsm.sprite_counter[5]_i_2_n_0              | fsm.sprite_counter[5]_i_1_n_0                 |                1 |              6 |         6.00 |
|  clock_generator_inst/inst/video_clk | win_counter[6]_i_1_n_0                     | video_generator_inst/l80_in                   |                2 |              7 |         3.50 |
|  clock_generator_inst/inst/video_clk | video_generator_inst/E[0]                  |                                               |                5 |              9 |         1.80 |
|  clock_generator_inst/inst/video_clk | pattern_generator_inst/bars_div[6]_i_1_n_0 | video_generator_inst/active_reg_0[0]          |                3 |             10 |         3.33 |
|  clock_generator_inst/inst/video_clk | video_generator_inst/vcnt[9]_i_2_n_0       | video_generator_inst/vcnt[9]_i_1_n_0          |                4 |             10 |         2.50 |
|  clock_generator_inst/inst/video_clk |                                            | sprites[38].sprite_inst/RGB[R][3]_i_1__8_n_0  |                6 |             11 |         1.83 |
|  clock_generator_inst/inst/video_clk |                                            | sprites[42].sprite_inst/RGB[R][3]_i_1__4_n_0  |                5 |             11 |         2.20 |
|  clock_generator_inst/inst/video_clk |                                            | sprites[44].sprite_inst/RGB[R][3]_i_1__2_n_0  |                4 |             11 |         2.75 |
|  clock_generator_inst/inst/video_clk |                                            | sprites[40].sprite_inst/RGB[R][3]_i_1__6_n_0  |                3 |             11 |         3.67 |
|  clock_generator_inst/inst/video_clk |                                            | sprites[41].sprite_inst/RGB[R][3]_i_1__5_n_0  |                4 |             11 |         2.75 |
|  clock_generator_inst/inst/video_clk |                                            | sprites[47].sprite_inst/RGB[R][3]_i_1_n_0     |                6 |             11 |         1.83 |
|  clock_generator_inst/inst/video_clk |                                            | sprites[43].sprite_inst/RGB[R][3]_i_1__3_n_0  |                6 |             11 |         1.83 |
|  clock_generator_inst/inst/video_clk |                                            | sprites[39].sprite_inst/RGB[R][3]_i_1__7_n_0  |                5 |             11 |         2.20 |
|  clock_generator_inst/inst/video_clk |                                            | sprites[45].sprite_inst/RGB[R][3]_i_1__1_n_0  |                3 |             11 |         3.67 |
|  clock_generator_inst/inst/video_clk |                                            | sprites[46].sprite_inst/RGB[R][3]_i_1__0_n_0  |                3 |             11 |         3.67 |
|  clock_generator_inst/inst/video_clk |                                            | ball/RGB[R][3]_i_1__48_n_0                    |                4 |             11 |         2.75 |
|  clock_generator_inst/inst/video_clk |                                            | video_generator_inst/hcnt[10]_i_1_n_0         |                3 |             11 |         3.67 |
|  clock_generator_inst/inst/video_clk | player_pos[X]                              | video_generator_inst/l80_in                   |                3 |             11 |         3.67 |
|  clock_generator_inst/inst/video_clk |                                            | sprites[3].sprite_inst/RGB[R][3]_i_1__43_n_0  |                5 |             12 |         2.40 |
|  clock_generator_inst/inst/video_clk |                                            | sprites[35].sprite_inst/RGB[R][3]_i_1__11_n_0 |                8 |             12 |         1.50 |
|  clock_generator_inst/inst/video_clk |                                            | sprites[37].sprite_inst/RGB[R][3]_i_1__9_n_0  |                5 |             12 |         2.40 |
|  clock_generator_inst/inst/video_clk |                                            | sprites[13].sprite_inst/RGB[R][3]_i_1__33_n_0 |                5 |             12 |         2.40 |
|  clock_generator_inst/inst/video_clk |                                            | sprites[30].sprite_inst/RGB[R][3]_i_1__16_n_0 |                7 |             12 |         1.71 |
|  clock_generator_inst/inst/video_clk |                                            | sprites[31].sprite_inst/RGB[R][3]_i_1__15_n_0 |                5 |             12 |         2.40 |
|  clock_generator_inst/inst/video_clk |                                            | sprites[32].sprite_inst/RGB[R][3]_i_1__14_n_0 |                5 |             12 |         2.40 |
|  clock_generator_inst/inst/video_clk |                                            | sprites[33].sprite_inst/RGB[R][3]_i_1__13_n_0 |                4 |             12 |         3.00 |
|  clock_generator_inst/inst/video_clk |                                            | sprites[34].sprite_inst/RGB[R][3]_i_1__12_n_0 |                7 |             12 |         1.71 |
|  clock_generator_inst/inst/video_clk |                                            | sprites[55].sprite_inst/RGB[R][3]_i_1__56_n_0 |                6 |             12 |         2.00 |
|  clock_generator_inst/inst/video_clk |                                            | sprites[15].sprite_inst/RGB[R][3]_i_1__31_n_0 |                6 |             12 |         2.00 |
|  clock_generator_inst/inst/video_clk |                                            | sprites[56].sprite_inst/RGB[R][3]_i_1__57_n_0 |                7 |             12 |         1.71 |
|  clock_generator_inst/inst/video_clk |                                            | sprites[57].sprite_inst/RGB[R][3]_i_1__58_n_0 |                8 |             12 |         1.50 |
|  clock_generator_inst/inst/video_clk |                                            | sprites[58].sprite_inst/RGB[R][3]_i_1__59_n_0 |                4 |             12 |         3.00 |
|  clock_generator_inst/inst/video_clk |                                            | sprites[51].sprite_inst/RGB[R][3]_i_1__52_n_0 |                6 |             12 |         2.00 |
|  clock_generator_inst/inst/video_clk |                                            | sprites[52].sprite_inst/RGB[R][3]_i_1__53_n_0 |                6 |             12 |         2.00 |
|  clock_generator_inst/inst/video_clk |                                            | sprites[53].sprite_inst/RGB[R][3]_i_1__54_n_0 |                5 |             12 |         2.40 |
|  clock_generator_inst/inst/video_clk |                                            | sprites[54].sprite_inst/RGB[R][3]_i_1__55_n_0 |                7 |             12 |         1.71 |
|  clock_generator_inst/inst/video_clk |                                            | sprites[48].sprite_inst/RGB[R][3]_i_1__49_n_0 |                6 |             12 |         2.00 |
|  clock_generator_inst/inst/video_clk |                                            | sprites[50].sprite_inst/RGB[R][3]_i_1__51_n_0 |                6 |             12 |         2.00 |
|  clock_generator_inst/inst/video_clk |                                            | sprites[49].sprite_inst/RGB[R][3]_i_1__50_n_0 |                6 |             12 |         2.00 |
|  clock_generator_inst/inst/video_clk |                                            | sprites[4].sprite_inst/RGB[R][3]_i_1__42_n_0  |                7 |             12 |         1.71 |
|  clock_generator_inst/inst/video_clk |                                            | sprites[14].sprite_inst/RGB[R][3]_i_1__32_n_0 |                7 |             12 |         1.71 |
|  clock_generator_inst/inst/video_clk |                                            | sprites[1].sprite_inst/RGB[R][3]_i_1__45_n_0  |                5 |             12 |         2.40 |
|  clock_generator_inst/inst/video_clk |                                            | sprites[10].sprite_inst/RGB[R][3]_i_1__36_n_0 |                6 |             12 |         2.00 |
|  clock_generator_inst/inst/video_clk |                                            | player/RGB[R][3]_i_1__47_n_0                  |                6 |             12 |         2.00 |
|  clock_generator_inst/inst/video_clk |                                            | sprites[11].sprite_inst/RGB[R][3]_i_1__35_n_0 |                6 |             12 |         2.00 |
|  clock_generator_inst/inst/video_clk |                                            | sprites[8].sprite_inst/RGB[R][3]_i_1__38_n_0  |                4 |             12 |         3.00 |
|  clock_generator_inst/inst/video_clk |                                            | sprites[9].sprite_inst/RGB[R][3]_i_1__37_n_0  |                7 |             12 |         1.71 |
|  clock_generator_inst/inst/video_clk |                                            | sprites[17].sprite_inst/RGB[R][3]_i_1__29_n_0 |                4 |             12 |         3.00 |
|  clock_generator_inst/inst/video_clk |                                            | sprites[18].sprite_inst/RGB[R][3]_i_1__28_n_0 |                7 |             12 |         1.71 |
|  clock_generator_inst/inst/video_clk |                                            | sprites[19].sprite_inst/RGB[R][3]_i_1__27_n_0 |                6 |             12 |         2.00 |
|  clock_generator_inst/inst/video_clk |                                            | sprites[63].sprite_inst/RGB[R][3]_i_1__64_n_0 |                6 |             12 |         2.00 |
|  clock_generator_inst/inst/video_clk |                                            | sprites[6].sprite_inst/RGB[R][3]_i_1__40_n_0  |                6 |             12 |         2.00 |
|  clock_generator_inst/inst/video_clk |                                            | sprites[16].sprite_inst/RGB[R][3]_i_1__30_n_0 |                6 |             12 |         2.00 |
|  clock_generator_inst/inst/video_clk |                                            | sprites[7].sprite_inst/RGB[R][3]_i_1__39_n_0  |                7 |             12 |         1.71 |
|  clock_generator_inst/inst/video_clk |                                            | sprites[59].sprite_inst/RGB[R][3]_i_1__60_n_0 |                5 |             12 |         2.40 |
|  clock_generator_inst/inst/video_clk |                                            | sprites[5].sprite_inst/RGB[R][3]_i_1__41_n_0  |                6 |             12 |         2.00 |
|  clock_generator_inst/inst/video_clk |                                            | sprites[60].sprite_inst/RGB[R][3]_i_1__61_n_0 |                6 |             12 |         2.00 |
|  clock_generator_inst/inst/video_clk |                                            | sprites[62].sprite_inst/RGB[R][3]_i_1__63_n_0 |                5 |             12 |         2.40 |
|  clock_generator_inst/inst/video_clk |                                            | sprites[0].sprite_inst/RGB[R][3]_i_1__46_n_0  |                5 |             12 |         2.40 |
|  clock_generator_inst/inst/video_clk |                                            | sprites[28].sprite_inst/RGB[R][3]_i_1__18_n_0 |                8 |             12 |         1.50 |
|  clock_generator_inst/inst/video_clk |                                            | sprites[12].sprite_inst/RGB[R][3]_i_1__34_n_0 |                7 |             12 |         1.71 |
|  clock_generator_inst/inst/video_clk |                                            | sprites[29].sprite_inst/RGB[R][3]_i_1__17_n_0 |                5 |             12 |         2.40 |
|  clock_generator_inst/inst/video_clk |                                            | sprites[2].sprite_inst/RGB[R][3]_i_1__44_n_0  |                6 |             12 |         2.00 |
|  clock_generator_inst/inst/video_clk |                                            | sprites[23].sprite_inst/RGB[R][3]_i_1__23_n_0 |                5 |             12 |         2.40 |
|  clock_generator_inst/inst/video_clk |                                            | video_generator_inst/active_reg_0[0]          |                3 |             12 |         4.00 |
|  clock_generator_inst/inst/video_clk |                                            | sprites[61].sprite_inst/RGB[R][3]_i_1__62_n_0 |                6 |             12 |         2.00 |
|  clock_generator_inst/inst/video_clk |                                            | sprites[24].sprite_inst/RGB[R][3]_i_1__22_n_0 |                5 |             12 |         2.40 |
|  clock_generator_inst/inst/video_clk |                                            | sprites[25].sprite_inst/RGB[R][3]_i_1__21_n_0 |                7 |             12 |         1.71 |
|  clock_generator_inst/inst/video_clk |                                            | sprites[26].sprite_inst/RGB[R][3]_i_1__20_n_0 |                5 |             12 |         2.40 |
|  clock_generator_inst/inst/video_clk |                                            | sprites[27].sprite_inst/RGB[R][3]_i_1__19_n_0 |                7 |             12 |         1.71 |
|  clock_generator_inst/inst/video_clk |                                            | sprites[36].sprite_inst/RGB[R][3]_i_1__10_n_0 |                7 |             12 |         1.71 |
|  clock_generator_inst/inst/video_clk |                                            | sprites[20].sprite_inst/RGB[R][3]_i_1__26_n_0 |                8 |             12 |         1.50 |
|  clock_generator_inst/inst/video_clk |                                            | sprites[21].sprite_inst/RGB[R][3]_i_1__25_n_0 |                6 |             12 |         2.00 |
|  clock_generator_inst/inst/video_clk |                                            | sprites[22].sprite_inst/RGB[R][3]_i_1__24_n_0 |                7 |             12 |         1.71 |
|  clock_generator_inst/inst/video_clk | clock_generator_inst/inst/locked           | video_generator_inst/SR[0]                    |                5 |             12 |         2.40 |
|  clock_generator_inst/inst/video_clk |                                            | dd_inst/div[0]_i_1_n_0                        |                4 |             14 |         3.50 |
|  clock_generator_inst/inst/video_clk | ball_pos[X]                                | video_generator_inst/l80_in                   |                8 |             22 |         2.75 |
|  clock_generator_inst/inst/video_clk |                                            | tout.cnt_ms[0]_i_1_n_0                        |                6 |             23 |         3.83 |
|  clock_generator_inst/inst/video_clk | clock_generator_inst/inst/locked           |                                               |               15 |             37 |         2.47 |
|  clock_generator_inst/inst/video_clk |                                            | video_generator_inst/l80_in                   |               85 |            199 |         2.34 |
|  clock_generator_inst/inst/video_clk |                                            |                                               |              484 |           1567 |         3.24 |
+--------------------------------------+--------------------------------------------+-----------------------------------------------+------------------+----------------+--------------+


